
> build
> vite build

npm : [33mThe CJS build of Vite's Node API is deprecated. See 
https://vite.dev/guide/troubleshooting.html#vite-cjs-node-api-deprecated for 
more details.[39m
At line:1 char:1
+ npm run build > build_output.log 2>&1
+ ~~~~~~~~~~~~~~~~~~~~~~~~~~~~~~~~~~~~~
    + CategoryInfo          : NotSpecified: ([33mThe CJS bu...e details.[39m 
   :String) [], RemoteException
    + FullyQualifiedErrorId : NativeCommandError
 
[36mvite v6.4.1 [32mbuilding for production...[36m[39m
transforming...
[32mΓ£ô[39m 38 modules transformed.
[31mΓ£ù[39m Build failed in 586ms
[31merror during build:
[31m[vite]: Rollup failed to resolve import "react-use" from 
"C:/Users/aliyo/dev/pamiriBridge/PamiriBridgeMVP WEB/src/pages/Home.jsx".
This is most likely unintended because it can break your application at 
runtime.
If you do want to externalize this module explicitly add it to
`build.rollupOptions.external`[31m
    at viteLog (file:///C:/Users/aliyo/dev/pamiriBridge/PamiriBridgeMVP%20WEB/n
ode_modules/vite/dist/node/chunks/dep-D4NMHUTW.js:46374:15)
    at file:///C:/Users/aliyo/dev/pamiriBridge/PamiriBridgeMVP%20WEB/node_modul
es/vite/dist/node/chunks/dep-D4NMHUTW.js:46432:18
    at onwarn (C:\Users\aliyo\dev\pamiriBridge\PamiriBridgeMVP 
WEB\node_modules\@vitejs\plugin-react\dist\index.cjs:112:7)
    at file:///C:/Users/aliyo/dev/pamiriBridge/PamiriBridgeMVP%20WEB/node_modul
es/vite/dist/node/chunks/dep-D4NMHUTW.js:46430:7
    at onRollupLog (file:///C:/Users/aliyo/dev/pamiriBridge/PamiriBridgeMVP%20W
EB/node_modules/vite/dist/node/chunks/dep-D4NMHUTW.js:46422:5)
    at onLog (file:///C:/Users/aliyo/dev/pamiriBridge/PamiriBridgeMVP%20WEB/nod
e_modules/vite/dist/node/chunks/dep-D4NMHUTW.js:46072:7)
    at file:///C:/Users/aliyo/dev/pamiriBridge/PamiriBridgeMVP%20WEB/node_modul
es/rollup/dist/es/shared/node-entry.js:20958:32
    at Object.logger [as onLog] (file:///C:/Users/aliyo/dev/pamiriBridge/Pamiri
BridgeMVP%20WEB/node_modules/rollup/dist/es/shared/node-entry.js:22945:9)
    at ModuleLoader.handleInvalidResolvedId (file:///C:/Users/aliyo/dev/pamiriB
ridge/PamiriBridgeMVP%20WEB/node_modules/rollup/dist/es/shared/node-entry.js:21
689:26)
    at file:///C:/Users/aliyo/dev/pamiriBridge/PamiriBridgeMVP%20WEB/node_modul
es/rollup/dist/es/shared/node-entry.js:21647:26[39m
